// Vitest Snapshot v1, https://vitest.dev/guide/snapshot.html

exports[`StreamingMessageParser > valid artifacts with actions > should correctly parse chunks and strip out gobezeai artifacts (0) > onActionClose 1`] = `
{
  "content": "npm install",
  "type": "shell",
}
`;

exports[`StreamingMessageParser > valid artifacts with actions > should correctly parse chunks and strip out gobezeai artifacts (0) > onActionOpen 1`] = `
{
  "content": "npm install",
  "type": "shell",
}
`;

exports[`StreamingMessageParser > valid artifacts with actions > should correctly parse chunks and strip out gobezeai artifacts (0) > onArtifactClose 1`] = `
{
  "id": "artifact_1",
  "title": "Some title",
}
`;

exports[`StreamingMessageParser > valid artifacts with actions > should correctly parse chunks and strip out gobezeai artifacts (0) > onArtifactOpen 1`] = `
{
  "id": "artifact_1",
  "title": "Some title",
}
`;

exports[`StreamingMessageParser > valid artifacts with actions > should correctly parse chunks and strip out gobezeai artifacts (1) > onActionClose 1`] = `
{
  "content": "npm install",
  "type": "shell",
}
`;

exports[`StreamingMessageParser > valid artifacts with actions > should correctly parse chunks and strip out gobezeai artifacts (1) > onActionClose 2`] = `
{
  "content": "some content",
  "filePath": "index.js",
  "type": "file",
}
`;

exports[`StreamingMessageParser > valid artifacts with actions > should correctly parse chunks and strip out gobezeai artifacts (1) > onActionOpen 1`] = `
{
  "content": "npm install",
  "type": "shell",
}
`;

exports[`StreamingMessageParser > valid artifacts with actions > should correctly parse chunks and strip out gobezeai artifacts (1) > onActionOpen 2`] = `
{
  "content": "some content",
  "filePath": "index.js",
  "type": "file",
}
`;

exports[`StreamingMessageParser > valid artifacts with actions > should correctly parse chunks and strip out gobezeai artifacts (1) > onArtifactClose 1`] = `
{
  "id": "artifact_1",
  "title": "Some title",
}
`;

exports[`StreamingMessageParser > valid artifacts with actions > should correctly parse chunks and strip out gobezeai artifacts (1) > onArtifactOpen 1`] = `
{
  "id": "artifact_1",
  "title": "Some title",
}
`;

exports[`StreamingMessageParser > valid artifacts without actions > should correctly parse chunks and strip out gobezeai artifacts (0) > onArtifactClose 1`] = `
{
  "id": "artifact_1",
  "title": "Some title",
}
`;

exports[`StreamingMessageParser > valid artifacts without actions > should correctly parse chunks and strip out gobezeai artifacts (0) > onArtifactOpen 1`] = `
{
  "id": "artifact_1",
  "title": "Some title",
}
`;

exports[`StreamingMessageParser > valid artifacts without actions > should correctly parse chunks and strip out gobezeai artifacts (1) > onArtifactClose 1`] = `
{
  "id": "artifact_1",
  "title": "Some title",
}
`;

exports[`StreamingMessageParser > valid artifacts without actions > should correctly parse chunks and strip out gobezeai artifacts (1) > onArtifactOpen 1`] = `
{
  "id": "artifact_1",
  "title": "Some title",
}
`;

exports[`StreamingMessageParser > valid artifacts without actions > should correctly parse chunks and strip out gobezeai artifacts (2) > onArtifactClose 1`] = `
{
  "id": "artifact_1",
  "title": "Some title",
}
`;

exports[`StreamingMessageParser > valid artifacts without actions > should correctly parse chunks and strip out gobezeai artifacts (2) > onArtifactOpen 1`] = `
{
  "id": "artifact_1",
  "title": "Some title",
}
`;

exports[`StreamingMessageParser > valid artifacts without actions > should correctly parse chunks and strip out gobezeai artifacts (3) > onArtifactClose 1`] = `
{
  "id": "artifact_1",
  "title": "Some title",
}
`;

exports[`StreamingMessageParser > valid artifacts without actions > should correctly parse chunks and strip out gobezeai artifacts (3) > onArtifactOpen 1`] = `
{
  "id": "artifact_1",
  "title": "Some title",
}
`;

exports[`StreamingMessageParser > valid artifacts without actions > should correctly parse chunks and strip out gobezeai artifacts (4) > onArtifactClose 1`] = `
{
  "id": "artifact_1",
  "title": "Some title",
}
`;

exports[`StreamingMessageParser > valid artifacts without actions > should correctly parse chunks and strip out gobezeai artifacts (4) > onArtifactOpen 1`] = `
{
  "id": "artifact_1",
  "title": "Some title",
}
`;

exports[`StreamingMessageParser > valid artifacts without actions > should correctly parse chunks and strip out gobezeai artifacts (5) > onArtifactClose 1`] = `
{
  "id": "artifact_1",
  "title": "Some title",
}
`;

exports[`StreamingMessageParser > valid artifacts without actions > should correctly parse chunks and strip out gobezeai artifacts (5) > onArtifactOpen 1`] = `
{
  "id": "artifact_1",
  "title": "Some title",
}
`;

exports[`StreamingMessageParser > valid artifacts without actions > should correctly parse chunks and strip out gobezeai artifacts (6) > onArtifactClose 1`] = `
{
  "id": "artifact_1",
  "title": "Some title",
}
`;

exports[`StreamingMessageParser > valid artifacts without actions > should correctly parse chunks and strip out gobezeai artifacts (6) > onArtifactOpen 1`] = `
{
  "id": "artifact_1",
  "title": "Some title",
}
`;
